抓取目标 obj1（geom id 7）；接触点 p1=(260,183) d=0.937m，p2=(238,196) d=0.950m
真实几何中心 obj1 = (+0.0134,+0.0564,+0.0498)，size = [0.03 0.03 0.03]

## A. 每次张开的竖直柱（半径 3cm）逐物体距离 —— 看清楚谁在柱里

接触点 p1 = (260,183)，重建世界 (+0.0431,+0.0294,+0.0758)，柱底在 z=0.0758
| 物体 | 与柱面距离 |
|---|---|
| obj10 | -0.52 cm  ← **别的物体** |
| obj6 | -0.47 cm  ← **别的物体** |
| obj1 | -0.40 cm  ← 抓取目标自身（预期相交） |
| obj0 | -0.17 cm  ← **别的物体** |
| obj11 | +2.71 cm |
| obj9 | +2.98 cm |
| obj3 | +3.19 cm |
| obj4 | +6.04 cm |
| obj2 | +6.36 cm |
| obj8 | +7.06 cm |
| obj7 | +9.16 cm |
| obj5 | +11.18 cm |

接触点 p2 = (238,196)，重建世界 (-0.0044,+0.0262,+0.0447)，柱底在 z=0.0447
| 物体 | 与柱面距离 |
|---|---|
| obj1 | -3.11 cm  ← 抓取目标自身（预期相交） |
| obj9 | -0.50 cm  ← **别的物体** |
| obj3 | +1.45 cm |
| obj11 | +2.08 cm |
| obj0 | +2.13 cm |
| obj4 | +2.26 cm |
| obj10 | +2.90 cm |
| obj6 | +4.08 cm |
| obj7 | +4.18 cm |
| obj8 | +5.36 cm |
| obj2 | +7.32 cm |
| obj5 | +7.41 cm |

## B. 半径扫描（只看『别的物体』，目标自身已排除）

| 柱半径 | p1 柱内最近的别的物体 | p2 柱内最近的别的物体 |
|---|---|---|
| 0.5 cm | obj10: +1.98 cm | obj9: +2.00 cm |
| 1.0 cm | obj10: +1.48 cm | obj9: +1.50 cm |
| 2.0 cm | obj10: +0.48 cm | obj9: +0.50 cm |
| 3.0 cm | obj10: -0.52 cm | obj9: -0.50 cm |
| 4.0 cm | obj10: -1.52 cm | obj9: -1.50 cm |

解读：
- 半径 ≥ 2cm 时，邻物都还只是『擦到柱面/轻微侵入』；半径 ≥ 3cm 时才明显侵入。
- 这只夹爪真正需要多少空间，取决于手指厚度与张开方式 —— 所以『能不能下得去』
  不是一条通用判据能回答的，必须先定夹爪模型。
