## 0. 修正校验：探针模型里的物体位姿必须和基准场景一致
- 12 个物体位姿的最大偏差 = 1.50e-05 m  → FAIL

## 1. 掩码结构：obj1 共 771 px，其中距边界 ≤1px 的有 125 px，≥6px 的有 254 px

## 2. 单像素反投影误差（重建点到 obj1 真实表面的带符号距离；负=穿进物体里）

| 位置 | 像素 (u,v) | 深度(m) | 到 obj1 表面距离 |
|---|---|---|---|
| 边缘(≤1px) | (245,196) | 0.9512 | **-0.20 cm** |
| 边缘(≤1px) | (235,169) | 0.9798 | **+0.07 cm** |
| 边缘(≤1px) | (254,168) | 0.9838 | **+0.07 cm** |
| 边缘(≤1px) | (232,184) | 0.9792 | **-0.02 cm** |
| 边缘(≤1px) | (232,173) | 0.9638 | **+0.08 cm** |
| 边缘(≤1px) | (258,170) | 0.9757 | **+0.07 cm** |
| 边缘(≤1px) | (257,168) | 0.9838 | **+0.07 cm** |
| 边缘(≤1px) | (236,188) | 0.9393 | **-0.20 cm** |
| 内部(≥6px) | (248,182) | 0.9339 | **-0.15 cm** |
| 内部(≥6px) | (249,183) | 0.9353 | **-0.20 cm** |
| 内部(≥6px) | (249,190) | 0.9441 | **-0.20 cm** |
| 内部(≥6px) | (251,184) | 0.9369 | **-0.20 cm** |
| 内部(≥6px) | (243,188) | 0.9406 | **-0.20 cm** |
| 内部(≥6px) | (249,178) | 0.9446 | **+0.06 cm** |
| 内部(≥6px) | (244,182) | 0.9332 | **-0.11 cm** |
| 内部(≥6px) | (250,185) | 0.9380 | **-0.20 cm** |

- 边缘(≤1px)：中位 +0.07 cm，范围 [-0.20, +0.08] cm（n=8）
- 内部(≥6px)：中位 -0.20 cm，范围 [-0.20, +0.06] cm（n=8）

## 3. 柱半径敏感性（把重建误差计进去）

抓取点重建世界坐标 = (-0.0044, +0.0262, +0.0447) m；目标 obj1 真实几何中心 = (+0.0134, +0.0564, +0.0498) m

| 柱半径 | 柱高 | 别的物体:AABB 最近间隙 | 全部别的物体 AABB 分离 | 别的物体:mj_geomDistance 最近 | 与目标自身 |
|---|---|---|---|---|---|
| 3 cm | 5 cm | 0.00 cm | 否 | -0.50 cm | -3.11 cm |
| 4 cm | 5 cm | 0.00 cm | 否 | -1.50 cm | -3.51 cm |
| 5 cm | 5 cm | 0.00 cm | 否 | -2.50 cm | -3.51 cm |
| 6 cm | 5 cm | 0.00 cm | 否 | -3.50 cm | -3.51 cm |

解读：半径 3cm 是「夹爪实际需要的空间」；把半径放大是对「抓取点重建误差」做保守补偿。
只要放大后仍然『全部别的物体 AABB 分离』，结论（柱内没有别的物体）就站得住。
